iverilog -g2012 -Wall \
	-DRTL \
	-DFI_MASK=FI_RMAX_0 \
	-s tb_b04_fi \
	-o sim_b04_rtl.vvp \
	b04.v \
	tb_b04_fi.v
warning: Some design elements have no explicit time unit and/or
       : time precision. This may cause confusing timing results.
       : Affected design elements are:
       :   -- module b04 declared here: b04.v:1
vvp sim_b04_rtl.vvp
INJECT_CYCLE=30
INJECT_MASK=00000000000000000000000000000000000000000000000000000000000000000010000000000000000000
VCD info: dumpfile b04_rtl_original_compare.vcd opened for output.
CYCLE=2 | rst=1 RESTART=0 AVERAGE=0 ENABLE=0 DATA_IN=0 fe=00000000000000000000000000000000000000000000000000000000000000000000000000000000000000 | G:DATA_OUT=0 F:DATA_OUT=0 G:st=0 F:st=0 G:regs=00000000000000000000000000000000000000000000000000000000000000000000000000000000000000 F:regs=00000000000000000000000000000000000000000000000000000000000000000000000000000000000000             
CYCLE=3 | rst=1 RESTART=0 AVERAGE=0 ENABLE=0 DATA_IN=0 fe=00000000000000000000000000000000000000000000000000000000000000000000000000000000000000 | G:DATA_OUT=0 F:DATA_OUT=0 G:st=0 F:st=0 G:regs=00000000000000000000000000000000000000000000000000000000000000000000000000000000000000 F:regs=00000000000000000000000000000000000000000000000000000000000000000000000000000000000000             
CYCLE=4 | rst=0 RESTART=0 AVERAGE=0 ENABLE=0 DATA_IN=0 fe=00000000000000000000000000000000000000000000000000000000000000000000000000000000000000 | G:DATA_OUT=0 F:DATA_OUT=0 G:st=1 F:st=1 G:regs=00000000000000000000000000000000000000000000000000000000000000000000000000000100000000 F:regs=00000000000000000000000000000000000000000000000000000000000000000000000000000100000000             
CYCLE=5 | rst=0 RESTART=0 AVERAGE=1 ENABLE=1 DATA_IN=1 fe=00000000000000000000000000000000000000000000000000000000000000000000000000000000000000 | G:DATA_OUT=0 F:DATA_OUT=0 G:st=2 F:st=2 G:regs=00000000000000001100000000000000000000000000000000000000001000000010000000001000000000 F:regs=00000000000000001100000000000000000000000000000000000000001000000010000000001000000000             
CYCLE=6 | rst=0 RESTART=1 AVERAGE=1 ENABLE=1 DATA_IN=0 fe=00000000000000000000000000000000000000000000000000000000000000000000000000000000000000 | G:DATA_OUT=0 F:DATA_OUT=0 G:st=2 F:st=2 G:regs=00000010000000001110000000000000000000000000000000000000000000000010000000001000000000 F:regs=00000010000000001110000000000000000000000000000000000000000000000010000000001000000000             
CYCLE=7 | rst=0 RESTART=1 AVERAGE=1 ENABLE=0 DATA_IN=1 fe=00000000000000000000000000000000000000000000000000000000000000000000000000000000000000 | G:DATA_OUT=1 F:DATA_OUT=1 G:st=2 F:st=2 G:regs=00000001000000000110000000000000000000000010000000100000000000000010000000101000000001 F:regs=00000001000000000110000000000000000000000010000000100000000000000010000000101000000001             
CYCLE=8 | rst=0 RESTART=1 AVERAGE=0 ENABLE=1 DATA_IN=0 fe=00000000000000000000000000000000000000000000000000000000000000000000000000000000000000 | G:DATA_OUT=0 F:DATA_OUT=0 G:st=2 F:st=2 G:regs=00000001000000001010000000000000001000000000000000100000000000000010000000001000000000 F:regs=00000001000000001010000000000000001000000000000000100000000000000010000000001000000000             
CYCLE=9 | rst=0 RESTART=1 AVERAGE=0 ENABLE=1 DATA_IN=1 fe=00000000000000000000000000000000000000000000000000000000000000000000000000000000000000 | G:DATA_OUT=0 F:DATA_OUT=0 G:st=2 F:st=2 G:regs=00000001000000001010000000100000000000000010000000100000000000000010000000001000000001 F:regs=00000001000000001010000000100000000000000010000000100000000000000010000000001000000001             
CYCLE=10 | rst=0 RESTART=0 AVERAGE=1 ENABLE=0 DATA_IN=0 fe=00000000000000000000000000000000000000000000000000000000000000000000000000000000000000 | G:DATA_OUT=0 F:DATA_OUT=0 G:st=2 F:st=2 G:regs=00000001000000010100000000000000001000000000000000000000000000000010000000001000000000 F:regs=00000001000000010100000000000000001000000000000000000000000000000010000000001000000000             
CYCLE=11 | rst=0 RESTART=0 AVERAGE=1 ENABLE=0 DATA_IN=1 fe=00000000000000000000000000000000000000000000000000000000000000000000000000000000000000 | G:DATA_OUT=0 F:DATA_OUT=0 G:st=2 F:st=2 G:regs=00000001000000000100000000100000000000000010000000000000000000000010000000001000000010 F:regs=00000001000000000100000000100000000000000010000000000000000000000010000000001000000010             
CYCLE=12 | rst=0 RESTART=1 AVERAGE=1 ENABLE=1 DATA_IN=0 fe=00000000000000000000000000000000000000000000000000000000000000000000000000000000000000 | G:DATA_OUT=0 F:DATA_OUT=0 G:st=2 F:st=2 G:regs=00000001000000011110000000000000001000000000000000000000000000000010000000001000000000 F:regs=00000001000000011110000000000000001000000000000000000000000000000010000000001000000000             
CYCLE=13 | rst=0 RESTART=0 AVERAGE=0 ENABLE=0 DATA_IN=1 fe=00000000000000000000000000000000000000000000000000000000000000000000000000000000000000 | G:DATA_OUT=0 F:DATA_OUT=0 G:st=2 F:st=2 G:regs=00000001000000000000000000100000000000000010000000100000000000000010000000001000000010 F:regs=00000001000000000000000000100000000000000010000000100000000000000010000000001000000010             
CYCLE=14 | rst=0 RESTART=0 AVERAGE=1 ENABLE=1 DATA_IN=1 fe=00000000000000000000000000000000000000000000000000000000000000000000000000000000000000 | G:DATA_OUT=1 F:DATA_OUT=1 G:st=2 F:st=2 G:regs=00000001000000011100000000000000001000000010000000100000000000000010000000101000000001 F:regs=00000001000000011100000000000000001000000010000000100000000000000010000000101000000001             
CYCLE=15 | rst=0 RESTART=1 AVERAGE=1 ENABLE=0 DATA_IN=0 fe=00000000000000000000000000000000000000000000000000000000000000000000000000000000000000 | G:DATA_OUT=1 F:DATA_OUT=1 G:st=2 F:st=2 G:regs=00000001000000000110000000100000001000000000000000000000000000000010000000101000000001 F:regs=00000001000000000110000000100000001000000000000000000000000000000010000000101000000001             
CYCLE=16 | rst=0 RESTART=1 AVERAGE=1 ENABLE=1 DATA_IN=0 fe=00000000000000000000000000000000000000000000000000000000000000000000000000000000000000 | G:DATA_OUT=0 F:DATA_OUT=0 G:st=2 F:st=2 G:regs=00000001000000011110000000100000000000000000000000000000000000000010000000001000000000 F:regs=00000001000000011110000000100000000000000000000000000000000000000010000000001000000000             
CYCLE=17 | rst=0 RESTART=0 AVERAGE=0 ENABLE=0 DATA_IN=0 fe=00000000000000000000000000000000000000000000000000000000000000000000000000000000000000 | G:DATA_OUT=0 F:DATA_OUT=0 G:st=2 F:st=2 G:regs=00000001000000010000000000000000000000000000000000000000000000000010000000001000000001 F:regs=00000001000000010000000000000000000000000000000000000000000000000010000000001000000001             
CYCLE=18 | rst=0 RESTART=1 AVERAGE=0 ENABLE=0 DATA_IN=1 fe=00000000000000000000000000000000000000000000000000000000000000000000000000000000000000 | G:DATA_OUT=0 F:DATA_OUT=0 G:st=2 F:st=2 G:regs=00000001000000000010000000000000000000000010000000000000000000000010000000001000000010 F:regs=00000001000000000010000000000000000000000010000000000000000000000010000000001000000010             
CYCLE=19 | rst=0 RESTART=1 AVERAGE=0 ENABLE=0 DATA_IN=0 fe=00000000000000000000000000000000000000000000000000000000000000000000000000000000000000 | G:DATA_OUT=0 F:DATA_OUT=0 G:st=2 F:st=2 G:regs=00000001000000000010000000000000001000000000000000000000000000000010000000001000000000 F:regs=00000001000000000010000000000000001000000000000000000000000000000010000000001000000000             
CYCLE=20 | rst=0 RESTART=0 AVERAGE=0 ENABLE=1 DATA_IN=1 fe=00000000000000000000000000000000000000000000000000000000000000000000000000000000000000 | G:DATA_OUT=0 F:DATA_OUT=0 G:st=2 F:st=2 G:regs=00000001000000001000000000100000000000000010000000000000000000000010000000001000000001 F:regs=00000001000000001000000000100000000000000010000000000000000000000010000000001000000001             
CYCLE=21 | rst=0 RESTART=1 AVERAGE=1 ENABLE=1 DATA_IN=0 fe=00000000000000000000000000000000000000000000000000000000000000000000000000000000000000 | G:DATA_OUT=0 F:DATA_OUT=0 G:st=2 F:st=2 G:regs=00000001000000011110000000000000001000000000000000000000000000000010000000001000000000 F:regs=00000001000000011110000000000000001000000000000000000000000000000010000000001000000000             
CYCLE=22 | rst=0 RESTART=0 AVERAGE=1 ENABLE=1 DATA_IN=1 fe=00000000000000000000000000000000000000000000000000000000000000000000000000000000000000 | G:DATA_OUT=0 F:DATA_OUT=0 G:st=2 F:st=2 G:regs=00000001000000001100000000100000000000000010000000100000000000000010000000001000000010 F:regs=00000001000000001100000000100000000000000010000000100000000000000010000000001000000010             
CYCLE=23 | rst=0 RESTART=0 AVERAGE=0 ENABLE=1 DATA_IN=1 fe=00000000000000000000000000000000000000000000000000000000000000000000000000000000000000 | G:DATA_OUT=0 F:DATA_OUT=0 G:st=2 F:st=2 G:regs=00000001000000011000000000000000001000000010000000100000000000000010000000001000000001 F:regs=00000001000000011000000000000000001000000010000000100000000000000010000000001000000001             
CYCLE=24 | rst=0 RESTART=0 AVERAGE=1 ENABLE=1 DATA_IN=0 fe=00000000000000000000000000000000000000000000000000000000000000000000000000000000000000 | G:DATA_OUT=0 F:DATA_OUT=0 G:st=2 F:st=2 G:regs=00000001000000001100000000100000001000000000000000000000000000000010000000001000000001 F:regs=00000001000000001100000000100000001000000000000000000000000000000010000000001000000001             
CYCLE=25 | rst=0 RESTART=1 AVERAGE=1 ENABLE=1 DATA_IN=0 fe=00000000000000000000000000000000000000000000000000000000000000000000000000000000000000 | G:DATA_OUT=0 F:DATA_OUT=0 G:st=2 F:st=2 G:regs=00000001000000011110000000100000000000000000000000000000000000000010000000001000000000 F:regs=00000001000000011110000000100000000000000000000000000000000000000010000000001000000000             
CYCLE=26 | rst=0 RESTART=1 AVERAGE=1 ENABLE=0 DATA_IN=0 fe=00000000000000000000000000000000000000000000000000000000000000000000000000000000000000 | G:DATA_OUT=0 F:DATA_OUT=0 G:st=2 F:st=2 G:regs=00000001000000010110000000000000000000000000000000000000000000000010000000001000000001 F:regs=00000001000000010110000000000000000000000000000000000000000000000010000000001000000001             
CYCLE=27 | rst=0 RESTART=0 AVERAGE=0 ENABLE=1 DATA_IN=1 fe=00000000000000000000000000000000000000000000000000000000000000000000000000000000000000 | G:DATA_OUT=0 F:DATA_OUT=0 G:st=2 F:st=2 G:regs=00000001000000001000000000000000000000000010000000000000000000000010000000001000000010 F:regs=00000001000000001000000000000000000000000010000000000000000000000010000000001000000010             
CYCLE=28 | rst=0 RESTART=0 AVERAGE=0 ENABLE=1 DATA_IN=1 fe=00000000000000000000000000000000000000000000000000000000000000000000000000000000000000 | G:DATA_OUT=1 F:DATA_OUT=1 G:st=2 F:st=2 G:regs=00000001000000001000000000000000001000000010000000100000000000000010000000101000000001 F:regs=00000001000000001000000000000000001000000010000000100000000000000010000000101000000001             
CYCLE=29 | rst=0 RESTART=1 AVERAGE=1 ENABLE=1 DATA_IN=0 fe=00000000000000000000000000000000000000000000000000000000000000000000000000000000000000 | G:DATA_OUT=0 F:DATA_OUT=0 G:st=2 F:st=2 G:regs=00000001000000001110000000100000001000000000000000000000000000000010000000001000000000 F:regs=00000001000000001110000000100000001000000000000000000000000000000010000000001000000000             
CYCLE=30 | rst=0 RESTART=1 AVERAGE=1 ENABLE=1 DATA_IN=0 fe=00000000000000000000000000000000000000000000000000000000000000000000000000000000000000 | G:DATA_OUT=0 F:DATA_OUT=0 G:st=2 F:st=2 G:regs=00000001000000011110000000100000000000000000000000000000000000000010000000001000000000 F:regs=00000001000000011110000000100000000000000000000000000000000000000010000000001000000000             
***** FIRST MISMATCH at cycle 31 *****
CYCLE=31 | rst=0 RESTART=0 AVERAGE=0 ENABLE=0 DATA_IN=0 fe=00000000000000000000000000000000000000000000000000000000000000000010000000000000000000 | G:DATA_OUT=0 F:DATA_OUT=0 G:st=2 F:st=2 G:regs=00000001000000010000000000000000000000000000000000000000000000000010000000001000000001 F:regs=00000001000000010000000000000000000000000000000000000000000000000000000000001000000001 <-- MISMATCH
CYCLE=32 | rst=0 RESTART=0 AVERAGE=0 ENABLE=1 DATA_IN=1 fe=00000000000000000000000000000000000000000000000000000000000000000000000000000000000000 | G:DATA_OUT=0 F:DATA_OUT=0 G:st=2 F:st=2 G:regs=00000001000000001000000000000000000000000010000000000000000000000010000000001000000010 F:regs=00000000000000001000000000000000000000000010000000000000000000000010000000001000000010 <-- MISMATCH
CYCLE=33 | rst=0 RESTART=1 AVERAGE=1 ENABLE=1 DATA_IN=0 fe=00000000000000000000000000000000000000000000000000000000000000000000000000000000000000 | G:DATA_OUT=1 F:DATA_OUT=1 G:st=2 F:st=2 G:regs=00000001000000001110000000000000001000000000000000000000000000000010000000101000000000 F:regs=00000001000000001110000000000000001000000000000000000000000000000010000000101000000000             
CYCLE=34 | rst=0 RESTART=1 AVERAGE=1 ENABLE=0 DATA_IN=0 fe=00000000000000000000000000000000000000000000000000000000000000000000000000000000000000 | G:DATA_OUT=0 F:DATA_OUT=0 G:st=2 F:st=2 G:regs=00000001000000000110000000100000000000000000000000000000000000000010000000001000000000 F:regs=00000001000000000110000000100000000000000000000000000000000000000010000000001000000000             
CYCLE=35 | rst=0 RESTART=1 AVERAGE=1 ENABLE=0 DATA_IN=1 fe=00000000000000000000000000000000000000000000000000000000000000000000000000000000000000 | G:DATA_OUT=0 F:DATA_OUT=0 G:st=2 F:st=2 G:regs=00000001000000010110000000000000000000000010000000000000000000000010000000001000000001 F:regs=00000001000000010110000000000000000000000010000000000000000000000010000000001000000001             
CYCLE=36 | rst=0 RESTART=1 AVERAGE=1 ENABLE=1 DATA_IN=0 fe=00000000000000000000000000000000000000000000000000000000000000000000000000000000000000 | G:DATA_OUT=0 F:DATA_OUT=0 G:st=2 F:st=2 G:regs=00000001000000001110000000000000001000000000000000000000000000000010000000001000000001 F:regs=00000001000000001110000000000000001000000000000000000000000000000010000000001000000001             
CYCLE=37 | rst=0 RESTART=0 AVERAGE=0 ENABLE=1 DATA_IN=0 fe=00000000000000000000000000000000000000000000000000000000000000000000000000000000000000 | G:DATA_OUT=0 F:DATA_OUT=0 G:st=2 F:st=2 G:regs=00000001000000001000000000100000000000000000000000000000000000000010000000001000000000 F:regs=00000001000000001000000000100000000000000000000000000000000000000010000000001000000000             
CYCLE=38 | rst=0 RESTART=0 AVERAGE=0 ENABLE=1 DATA_IN=1 fe=00000000000000000000000000000000000000000000000000000000000000000000000000000000000000 | G:DATA_OUT=0 F:DATA_OUT=0 G:st=2 F:st=2 G:regs=00000001000000011000000000000000000000000010000000100000000000000010000000001000000001 F:regs=00000001000000011000000000000000000000000010000000100000000000000010000000001000000001             
CYCLE=39 | rst=0 RESTART=0 AVERAGE=0 ENABLE=1 DATA_IN=0 fe=00000000000000000000000000000000000000000000000000000000000000000000000000000000000000 | G:DATA_OUT=0 F:DATA_OUT=0 G:st=2 F:st=2 G:regs=00000001000000001000000000000000001000000000000000000000000000000010000000001000000001 F:regs=00000001000000001000000000000000001000000000000000000000000000000010000000001000000001             
CYCLE=40 | rst=0 RESTART=0 AVERAGE=0 ENABLE=1 DATA_IN=0 fe=00000000000000000000000000000000000000000000000000000000000000000000000000000000000000 | G:DATA_OUT=0 F:DATA_OUT=0 G:st=2 F:st=2 G:regs=00000001000000001000000000100000000000000000000000000000000000000010000000001000000000 F:regs=00000001000000001000000000100000000000000000000000000000000000000010000000001000000000             
CYCLE=41 | rst=0 RESTART=0 AVERAGE=1 ENABLE=0 DATA_IN=1 fe=00000000000000000000000000000000000000000000000000000000000000000000000000000000000000 | G:DATA_OUT=0 F:DATA_OUT=0 G:st=2 F:st=2 G:regs=00000001000000010100000000000000000000000010000000100000000000000010000000001000000001 F:regs=00000001000000010100000000000000000000000010000000100000000000000010000000001000000001             
CYCLE=42 | rst=0 RESTART=1 AVERAGE=1 ENABLE=1 DATA_IN=1 fe=00000000000000000000000000000000000000000000000000000000000000000000000000000000000000 | G:DATA_OUT=1 F:DATA_OUT=1 G:st=2 F:st=2 G:regs=00000001000000001110000000000000001000000010000000100000000000000010000000101000000010 F:regs=00000001000000001110000000000000001000000010000000100000000000000010000000101000000010             
CYCLE=43 | rst=0 RESTART=0 AVERAGE=0 ENABLE=0 DATA_IN=1 fe=00000000000000000000000000000000000000000000000000000000000000000000000000000000000000 | G:DATA_OUT=0 F:DATA_OUT=0 G:st=2 F:st=2 G:regs=00000001000000000000000000100000001000000010000000100000000000000010000000001000000001 F:regs=00000001000000000000000000100000001000000010000000100000000000000010000000001000000001             
CYCLE=44 | rst=0 RESTART=0 AVERAGE=0 ENABLE=1 DATA_IN=1 fe=00000000000000000000000000000000000000000000000000000000000000000000000000000000000000 | G:DATA_OUT=1 F:DATA_OUT=1 G:st=2 F:st=2 G:regs=00000001000000011000000000100000001000000010000000100000000000000010000000101000000001 F:regs=00000001000000011000000000100000001000000010000000100000000000000010000000101000000001             
CYCLE=45 | rst=0 RESTART=0 AVERAGE=0 ENABLE=0 DATA_IN=1 fe=00000000000000000000000000000000000000000000000000000000000000000000000000000000000000 | G:DATA_OUT=0 F:DATA_OUT=0 G:st=2 F:st=2 G:regs=00000001000000010000000000100000001000000010000000100000000000000010000000001000000010 F:regs=00000001000000010000000000100000001000000010000000100000000000000010000000001000000010             
CYCLE=46 | rst=0 RESTART=1 AVERAGE=0 ENABLE=0 DATA_IN=0 fe=00000000000000000000000000000000000000000000000000000000000000000000000000000000000000 | G:DATA_OUT=1 F:DATA_OUT=1 G:st=2 F:st=2 G:regs=00000001000000010010000000100000001000000000000000100000000000000010000000101000000001 F:regs=00000001000000010010000000100000001000000000000000100000000000000010000000101000000001             
CYCLE=47 | rst=0 RESTART=1 AVERAGE=1 ENABLE=0 DATA_IN=0 fe=00000000000000000000000000000000000000000000000000000000000000000000000000000000000000 | G:DATA_OUT=0 F:DATA_OUT=0 G:st=2 F:st=2 G:regs=00000001000000010110000000100000000000000000000000100000000000000010000000001000000001 F:regs=00000001000000010110000000100000000000000000000000100000000000000010000000001000000001             
CYCLE=48 | rst=0 RESTART=0 AVERAGE=1 ENABLE=0 DATA_IN=0 fe=00000000000000000000000000000000000000000000000000000000000000000000000000000000000000 | G:DATA_OUT=0 F:DATA_OUT=0 G:st=2 F:st=2 G:regs=00000001000000010100000000000000000000000000000000100000000000000010000000001000000001 F:regs=00000001000000010100000000000000000000000000000000100000000000000010000000001000000001             
CYCLE=49 | rst=0 RESTART=1 AVERAGE=0 ENABLE=0 DATA_IN=0 fe=00000000000000000000000000000000000000000000000000000000000000000000000000000000000000 | G:DATA_OUT=1 F:DATA_OUT=1 G:st=2 F:st=2 G:regs=00000001000000000010000000000000000000000000000000100000000000000010000000101000000001 F:regs=00000001000000000010000000000000000000000000000000100000000000000010000000101000000001             
CYCLE=50 | rst=0 RESTART=1 AVERAGE=0 ENABLE=1 DATA_IN=1 fe=00000000000000000000000000000000000000000000000000000000000000000000000000000000000000 | G:DATA_OUT=0 F:DATA_OUT=0 G:st=2 F:st=2 G:regs=00000001000000001010000000000000000000000010000000100000000000000010000000001000000001 F:regs=00000001000000001010000000000000000000000010000000100000000000000010000000001000000001             
CYCLE=51 | rst=0 RESTART=0 AVERAGE=0 ENABLE=0 DATA_IN=0 fe=00000000000000000000000000000000000000000000000000000000000000000000000000000000000000 | G:DATA_OUT=0 F:DATA_OUT=0 G:st=2 F:st=2 G:regs=00000001000000000000000000000000001000000000000000000000000000000010000000001000000000 F:regs=00000001000000000000000000000000001000000000000000000000000000000010000000001000000000             
20 cycles post injection complete.
